// Jest Snapshot v1, https://goo.gl/fbAQLP

exports[`generateRandomNumber test 1`] = `0`;
